[96msrc/components/clips/AIVideoClipping.tsx[0m:[93m166[0m:[93m28[0m - [91merror[0m[90m TS1127: [0mInvalid character.

[7m166[0m       const storageIds: Id<\"_storage\">[] = [];
[7m   [0m [91m                           [0m

[96msrc/components/clips/AIVideoClipping.tsx[0m:[93m166[0m:[93m29[0m - [91merror[0m[90m TS1134: [0mVariable declaration expected.

[7m166[0m       const storageIds: Id<\"_storage\">[] = [];
[7m   [0m [91m                            ~~~~~~~~~~~~~~~~~~~~[0m

[96msrc/components/clips/AIVideoClipping.tsx[0m:[93m166[0m:[93m49[0m - [91merror[0m[90m TS1002: [0mUnterminated string literal.

[7m166[0m       const storageIds: Id<\"_storage\">[] = [];
[7m   [0m [91m                                                [0m

[96msrc/components/clips/AIVideoClipping.tsx[0m:[93m177[0m:[93m41[0m - [91merror[0m[90m TS1127: [0mInvalid character.

[7m177[0m         storageIds.push(storageId as Id<\"_storage\">);
[7m   [0m [91m                                        [0m

[96msrc/components/clips/AIVideoClipping.tsx[0m:[93m177[0m:[93m56[0m - [91merror[0m[90m TS1002: [0mUnterminated string literal.

[7m177[0m         storageIds.push(storageId as Id<\"_storage\">);
[7m   [0m [91m                                                       [0m

[96msrc/components/clips/AIVideoClipping.tsx[0m:[93m178[0m:[93m9[0m - [91merror[0m[90m TS1005: [0m',' expected.

[7m178[0m         chunkStarts.push(chunks[i].startSec);
[7m   [0m [91m        ~~~~~~~~~~~[0m

[96msrc/components/clips/AIVideoClipping.tsx[0m:[93m178[0m:[93m45[0m - [91merror[0m[90m TS1005: [0m')' expected.

[7m178[0m         chunkStarts.push(chunks[i].startSec);
[7m   [0m [91m                                            ~[0m


Found 7 errors.

