[esbuild] build START { entryPoints: [ './src/convex/convex.config.js' ], external: 0, platform: 'browser', bundle: true, format: 'esm' }
[esbuild] resolve#1 convex/server imp=./src/convex/convex.config.js kind=import-statement
[esbuild] load#1 /project/node_modules/convex/dist/esm/server/index.js ns=file
[esbuild] resolve#2 ./database.js imp=/project/node_modules/convex/dist/esm/server/index.js kind=import-statement
[esbuild] resolve#3 ./impl/registration_impl.js imp=/project/node_modules/convex/dist/esm/server/index.js kind=import-statement
[esbuild] resolve#4 ./impl/actions_impl.js imp=/project/node_modules/convex/dist/esm/server/index.js kind=import-statement
[esbuild] resolve#5 ./pagination.js imp=/project/node_modules/convex/dist/esm/server/index.js kind=import-statement
[esbuild] resolve#6 ./search_filter_builder.js imp=/project/node_modules/convex/dist/esm/server/index.js kind=import-statement
[esbuild] resolve#7 ./storage.js imp=/project/node_modules/convex/dist/esm/server/index.js kind=import-statement
[esbuild] resolve#8 ./cron.js imp=/project/node_modules/convex/dist/esm/server/index.js kind=import-statement
[esbuild] resolve#9 ./router.js imp=/project/node_modules/convex/dist/esm/server/index.js kind=import-statement
[esbuild] resolve#10 ./api.js imp=/project/node_modules/convex/dist/esm/server/index.js kind=import-statement
[esbuild] resolve#11 ./components/index.js imp=/project/node_modules/convex/dist/esm/server/index.js kind=import-statement
[esbuild] resolve#12 ./log.js imp=/project/node_modules/convex/dist/esm/server/index.js kind=import-statement
[esbuild] resolve#13 ./schema.js imp=/project/node_modules/convex/dist/esm/server/index.js kind=import-statement
[esbuild] load#2 /project/node_modules/convex/dist/esm/server/schema.js ns=file
[esbuild] load#3 /project/node_modules/convex/dist/esm/server/database.js ns=file
[esbuild] load#4 /project/node_modules/convex/dist/esm/server/impl/registration_impl.js ns=file
[esbuild] load#5 /project/node_modules/convex/dist/esm/server/impl/actions_impl.js ns=file
[esbuild] load#6 /project/node_modules/convex/dist/esm/server/pagination.js ns=file
[esbuild] load#7 /project/node_modules/convex/dist/esm/server/search_filter_builder.js ns=file
[esbuild] load#8 /project/node_modules/convex/dist/esm/server/storage.js ns=file
[esbuild] load#9 /project/node_modules/convex/dist/esm/server/cron.js ns=file
[esbuild] load#10 /project/node_modules/convex/dist/esm/server/router.js ns=file
[esbuild] load#11 /project/node_modules/convex/dist/esm/server/api.js ns=file
[esbuild] load#12 /project/node_modules/convex/dist/esm/server/components/index.js ns=file
[esbuild] load#13 /project/node_modules/convex/dist/esm/server/log.js ns=file
[esbuild] resolve#14 ../values/validator.js imp=/project/node_modules/convex/dist/esm/server/schema.js kind=import-statement
[esbuild] resolve#15 ../../values/index.js imp=/project/node_modules/convex/dist/esm/server/impl/registration_impl.js kind=import-statement
[esbuild] resolve#16 ../../values/index.js imp=/project/node_modules/convex/dist/esm/server/impl/actions_impl.js kind=import-statement
[esbuild] resolve#17 ../values/validator.js imp=/project/node_modules/convex/dist/esm/server/pagination.js kind=import-statement
[esbuild] resolve#18 ../server/api.js imp=/project/node_modules/convex/dist/esm/server/cron.js kind=import-statement
[esbuild] resolve#19 ./impl/syscall.js imp=/project/node_modules/convex/dist/esm/server/router.js kind=import-statement
[esbuild] resolve#20 ./functionName.js imp=/project/node_modules/convex/dist/esm/server/api.js kind=import-statement
[esbuild] resolve#21 ../../index.js imp=/project/node_modules/convex/dist/esm/server/components/index.js kind=import-statement
[esbuild] resolve#22 ./audit_logging.js imp=/project/node_modules/convex/dist/esm/server/log.js kind=import-statement
[esbuild] load#14 /project/node_modules/convex/dist/esm/values/validator.js ns=file
[esbuild] resolve#23 ./actions_impl.js imp=/project/node_modules/convex/dist/esm/server/impl/registration_impl.js kind=import-statement
[esbuild] resolve#24 ../../index.js imp=/project/node_modules/convex/dist/esm/server/impl/actions_impl.js kind=import-statement
[esbuild] resolve#25 ../common/index.js imp=/project/node_modules/convex/dist/esm/server/cron.js kind=import-statement
[esbuild] load#15 /project/node_modules/convex/dist/esm/server/impl/syscall.js ns=file
[esbuild] resolve#26 ./components/paths.js imp=/project/node_modules/convex/dist/esm/server/api.js kind=import-statement
[esbuild] resolve#27 ../impl/syscall.js imp=/project/node_modules/convex/dist/esm/server/components/index.js kind=import-statement
[esbuild] resolve#28 ./logVars.js imp=/project/node_modules/convex/dist/esm/server/log.js kind=import-statement
[esbuild] resolve#29 ./validators.js imp=/project/node_modules/convex/dist/esm/values/validator.js kind=import-statement
[esbuild] resolve#30 ./vector_search_impl.js imp=/project/node_modules/convex/dist/esm/server/impl/registration_impl.js kind=import-statement
[esbuild] resolve#31 ./syscall.js imp=/project/node_modules/convex/dist/esm/server/impl/actions_impl.js kind=import-statement
[esbuild] resolve#32 ../values/index.js imp=/project/node_modules/convex/dist/esm/server/cron.js kind=import-statement
[esbuild] resolve#33 ../../values/errors.js imp=/project/node_modules/convex/dist/esm/server/impl/syscall.js kind=import-statement
[esbuild] load#16 /project/node_modules/convex/dist/esm/server/components/paths.js ns=file
[esbuild] load#17 /project/node_modules/convex/dist/esm/server/functionName.js ns=file
[esbuild] resolve#34 ./paths.js imp=/project/node_modules/convex/dist/esm/server/components/index.js kind=import-statement
[esbuild] load#18 /project/node_modules/convex/dist/esm/server/logVars.js ns=file
[esbuild] load#19 /project/node_modules/convex/dist/esm/server/audit_logging.js ns=file
[esbuild] load#20 /project/node_modules/convex/dist/esm/values/validators.js ns=file
[esbuild] resolve#35 ./authentication_impl.js imp=/project/node_modules/convex/dist/esm/server/impl/registration_impl.js kind=import-statement
[esbuild] resolve#36 ../../common/index.js imp=/project/node_modules/convex/dist/esm/server/impl/actions_impl.js kind=import-statement
[esbuild] resolve#37 ./components/paths.js imp=/project/node_modules/convex/dist/esm/server/cron.js kind=import-statement
[esbuild] resolve#38 ../../values/value.js imp=/project/node_modules/convex/dist/esm/server/impl/syscall.js kind=import-statement
[esbuild] resolve#39 ../functionName.js imp=/project/node_modules/convex/dist/esm/server/components/paths.js kind=import-statement
[esbuild] resolve#40 ../../values/validator.js imp=/project/node_modules/convex/dist/esm/server/components/index.js kind=import-statement
[esbuild] load#21 /project/node_modules/convex/dist/esm/values/index.js ns=file
[esbuild] load#22 /project/node_modules/convex/dist/esm/common/index.js ns=file
[esbuild] load#23 /project/node_modules/convex/dist/esm/values/value.js ns=file
[esbuild] load#24 /project/node_modules/convex/dist/esm/values/errors.js ns=file
[esbuild] load#25 /project/node_modules/convex/dist/esm/index.js ns=file
[esbuild] load#26 /project/node_modules/convex/dist/esm/server/impl/validate.js ns=file
[esbuild] load#27 /project/node_modules/convex/dist/esm/values/base64.js ns=file
[esbuild] load#28 /project/node_modules/convex/dist/esm/values/size.js ns=file
[esbuild] load#29 /project/node_modules/convex/dist/esm/values/compare.js ns=file
[esbuild] load#30 /project/node_modules/convex/dist/esm/server/impl/meta_impl.js ns=file
[esbuild] load#31 /project/node_modules/convex/dist/esm/server/impl/vector_search_impl.js ns=file
[esbuild] load#32 /project/node_modules/convex/dist/esm/server/impl/authentication_impl.js ns=file
[esbuild] load#33 /project/node_modules/convex/dist/esm/server/impl/database_impl.js ns=file
[esbuild] load#34 /project/node_modules/convex/dist/esm/server/impl/query_impl.js ns=file
[esbuild] load#35 /project/node_modules/convex/dist/esm/server/impl/scheduler_impl.js ns=file
[esbuild] load#36 /project/node_modules/convex/dist/esm/server/impl/storage_impl.js ns=file
[esbuild] load#37 /project/node_modules/convex/dist/esm/values/compare_utf8.js ns=file
[esbuild] load#38 /project/node_modules/convex/dist/esm/server/vector_search.js ns=file
[esbuild] load#39 /project/node_modules/convex/dist/esm/server/impl/search_filter_builder_impl.js ns=file
[esbuild] load#40 /project/node_modules/convex/dist/esm/server/impl/filter_builder_impl.js ns=file
[esbuild] build DONE 1.2s resolves=105 outputs=2 errors=0
[esbuild] build START { entryPoints: [ '/project/src/convex/schema.ts' ], external: 0, platform: 'browser', bundle: true, format: 'esm' }
[esbuild] resolve#1 /project/src/convex/schema.ts imp= kind=entry-point
[esbuild] load#1 /project/src/convex/schema.ts ns=file
[esbuild] resolve#2 @convex-dev/auth/server imp=/project/src/convex/schema.ts kind=import-statement
[esbuild] resolve#3 convex/server imp=/project/src/convex/schema.ts kind=import-statement
[esbuild] resolve#4 convex/values imp=/project/src/convex/schema.ts kind=import-statement
[esbuild] load#2 /project/node_modules/convex/dist/esm/values/index.js ns=file
[esbuild] load#3 /project/node_modules/@convex-dev/auth/dist/server/index.js ns=file
[esbuild] load#4 /project/node_modules/convex/dist/esm/server/index.js ns=file
[esbuild] resolve#5 ./value.js imp=/project/node_modules/convex/dist/esm/values/index.js kind=import-statement
[esbuild] resolve#6 ./implementation/index.js imp=/project/node_modules/@convex-dev/auth/dist/server/index.js kind=import-statement
[esbuild] resolve#7 ./database.js imp=/project/node_modules/convex/dist/esm/server/index.js kind=import-statement
[esbuild] resolve#8 ./validator.js imp=/project/node_modules/convex/dist/esm/values/index.js kind=import-statement
[esbuild] load#5 /project/node_modules/@convex-dev/auth/dist/server/implementation/index.js ns=file
[esbuild] resolve#9 ./impl/registration_impl.js imp=/project/node_modules/convex/dist/esm/server/index.js kind=import-statement
[esbuild] resolve#10 ./base64.js imp=/project/node_modules/convex/dist/esm/values/index.js kind=import-statement
[esbuild] resolve#11 convex/server imp=/project/node_modules/@convex-dev/auth/dist/server/implementation/index.js kind=import-statement
[esbuild] resolve#12 ./impl/actions_impl.js imp=/project/node_modules/convex/dist/esm/server/index.js kind=import-statement
[esbuild] resolve#13 ./errors.js imp=/project/node_modules/convex/dist/esm/values/index.js kind=import-statement
[esbuild] resolve#14 convex/values imp=/project/node_modules/@convex-dev/auth/dist/server/implementation/index.js kind=import-statement
[esbuild] resolve#15 ./pagination.js imp=/project/node_modules/convex/dist/esm/server/index.js kind=import-statement
[esbuild] resolve#16 ./compare.js imp=/project/node_modules/convex/dist/esm/values/index.js kind=import-statement
[esbuild] resolve#17 cookie imp=/project/node_modules/@convex-dev/auth/dist/server/implementation/index.js kind=import-statement
[esbuild] resolve#18 ./search_filter_builder.js imp=/project/node_modules/convex/dist/esm/server/index.js kind=import-statement
[esbuild] resolve#19 ./size.js imp=/project/node_modules/convex/dist/esm/values/index.js kind=import-statement
[esbuild] resolve#20 ../cookies.js imp=/project/node_modules/@convex-dev/auth/dist/server/implementation/index.js kind=import-statement
[esbuild] resolve#21 ./storage.js imp=/project/node_modules/convex/dist/esm/server/index.js kind=import-statement
[esbuild] load#6 /project/node_modules/convex/dist/esm/values/size.js ns=file
[esbuild] load#7 /project/node_modules/convex/dist/esm/values/value.js ns=file
[esbuild] load#8 /project/node_modules/convex/dist/esm/values/validator.js ns=file
[esbuild] load#9 /project/node_modules/convex/dist/esm/values/base64.js ns=file
[esbuild] load#10 /project/node_modules/convex/dist/esm/values/errors.js ns=file
[esbuild] load#11 /project/node_modules/convex/dist/esm/values/compare.js ns=file
[esbuild] resolve#22 ../provider_utils.js imp=/project/node_modules/@convex-dev/auth/dist/server/implementation/index.js kind=import-statement
[esbuild] resolve#23 ./cron.js imp=/project/node_modules/convex/dist/esm/server/index.js kind=import-statement
[esbuild] resolve#24 ./value.js imp=/project/node_modules/convex/dist/esm/values/size.js kind=import-statement
[esbuild] resolve#25 ./base64.js imp=/project/node_modules/convex/dist/esm/values/value.js kind=import-statement
[esbuild] resolve#26 ./validators.js imp=/project/node_modules/convex/dist/esm/values/validator.js kind=import-statement
[esbuild] resolve#27 ./value.js imp=/project/node_modules/convex/dist/esm/values/errors.js kind=import-statement
[esbuild] resolve#28 ./value.js imp=/project/node_modules/convex/dist/esm/values/compare.js kind=import-statement
[esbuild] resolve#29 ../utils.js imp=/project/node_modules/@convex-dev/auth/dist/server/implementation/index.js kind=import-statement
[esbuild] resolve#30 ./router.js imp=/project/node_modules/convex/dist/esm/server/index.js kind=import-statement
[esbuild] resolve#31 ../common/index.js imp=/project/node_modules/convex/dist/esm/values/size.js kind=import-statement
[esbuild] resolve#32 ../common/index.js imp=/project/node_modules/convex/dist/esm/values/value.js kind=import-statement
[esbuild] load#12 /project/node_modules/convex/dist/esm/values/validators.js ns=file
[esbuild] resolve#33 ./compare_utf8.js imp=/project/node_modules/convex/dist/esm/values/compare.js kind=import-statement
[esbuild] resolve#34 ./types.js imp=/project/node_modules/@convex-dev/auth/dist/server/implementation/index.js kind=import-statement
[esbuild] resolve#35 ./api.js imp=/project/node_modules/convex/dist/esm/server/index.js kind=import-statement
[esbuild] load#13 /project/node_modules/convex/dist/esm/common/index.js ns=file
[esbuild] resolve#36 ./value.js imp=/project/node_modules/convex/dist/esm/values/validators.js kind=import-statement
[esbuild] load#14 /project/node_modules/convex/dist/esm/values/compare_utf8.js ns=file
[esbuild] resolve#37 ./utils.js imp=/project/node_modules/@convex-dev/auth/dist/server/implementation/index.js kind=import-statement
[esbuild] resolve#38 ./components/index.js imp=/project/node_modules/convex/dist/esm/server/index.js kind=import-statement
[esbuild] resolve#39 ./mutations/index.js imp=/project/node_modules/@convex-dev/auth/dist/server/implementation/index.js kind=import-statement
[esbuild] resolve#40 ./log.js imp=/project/node_modules/convex/dist/esm/server/index.js kind=import-statement
[esbuild] load#15 /project/node_modules/convex/dist/esm/server/schema.js ns=file
[esbuild] load#16 /project/node_modules/convex/dist/esm/server/database.js ns=file
[esbuild] load#17 /project/node_modules/convex/dist/esm/server/impl/registration_impl.js ns=file
[esbuild] load#18 /project/node_modules/convex/dist/esm/server/impl/actions_impl.js ns=file
[esbuild] load#19 /project/node_modules/convex/dist/esm/server/pagination.js ns=file
[esbuild] load#20 /project/node_modules/convex/dist/esm/server/search_filter_builder.js ns=file
[esbuild] load#21 /project/node_modules/convex/dist/esm/server/storage.js ns=file
[esbuild] load#22 /project/node_modules/convex/dist/esm/server/cron.js ns=file
[esbuild] load#23 /project/node_modules/convex/dist/esm/server/router.js ns=file
[esbuild] load#24 /project/node_modules/convex/dist/esm/server/api.js ns=file
[esbuild] load#25 /project/node_modules/convex/dist/esm/server/components/index.js ns=file
[esbuild] load#26 /project/node_modules/convex/dist/esm/server/log.js ns=file
[esbuild] load#27 /project/node_modules/convex/dist/esm/server/impl/syscall.js ns=file
[esbuild] load#28 /project/node_modules/convex/dist/esm/server/components/paths.js ns=file
[esbuild] load#29 /project/node_modules/convex/dist/esm/server/functionName.js ns=file
[esbuild] load#30 /project/node_modules/convex/dist/esm/server/logVars.js ns=file
[esbuild] load#31 /project/node_modules/convex/dist/esm/server/audit_logging.js ns=file
[esbuild] load#32 /project/node_modules/@convex-dev/auth/dist/server/implementation/sessions.js ns=file
[esbuild] load#33 /project/node_modules/cookie/dist/index.js ns=file
[esbuild] load#34 /project/node_modules/@convex-dev/auth/dist/server/cookies.js ns=file
[esbuild] load#35 /project/node_modules/@convex-dev/auth/dist/server/provider_utils.js ns=file
[esbuild] load#36 /project/node_modules/@convex-dev/auth/dist/server/utils.js ns=file
[esbuild] load#37 /project/node_modules/@convex-dev/auth/dist/server/implementation/types.js ns=file
[esbuild] load#38 /project/node_modules/@convex-dev/auth/dist/server/implementation/utils.js ns=file
[esbuild] load#39 /project/node_modules/@convex-dev/auth/dist/server/implementation/mutations/index.js ns=file
[esbuild] load#40 /project/node_modules/@convex-dev/auth/dist/server/implementation/signIn.js ns=file
[esbuild] still bundling 3.0s resolves=372 loads=172
[esbuild] build DONE 5.5s resolves=774 outputs=2 errors=0
[esbuild] build START { entryPoints: [ '/project/src/convex/analytics.ts', '/project/src/convex/auth/emailOtp.ts', '/project/src/convex/auth.ts', '/project/src/convex/brandVoices.ts', '/project/src/convex/calendarEvents.ts', '/project/src/convex/content.ts', '/project/src/convex/debugDiag.ts', '/project/src/convex/feedback.ts', '/project/src/convex/http.ts', '/project/src/convex/settings.ts', '/project/src/convex/users.ts' ], external: 0, platform: 'browser', bundle: true, format: 'esm' }
[esbuild] resolve#1 /project/src/convex/users.ts imp= kind=entry-point
[esbuild] resolve#2 /project/src/convex/analytics.ts imp= kind=entry-point
[esbuild] resolve#3 /project/src/convex/auth/emailOtp.ts imp= kind=entry-point
[esbuild] resolve#4 /project/src/convex/auth.ts imp= kind=entry-point
[esbuild] resolve#5 /project/src/convex/brandVoices.ts imp= kind=entry-point
[esbuild] resolve#6 /project/src/convex/calendarEvents.ts imp= kind=entry-point
[esbuild] resolve#7 /project/src/convex/content.ts imp= kind=entry-point
[esbuild] resolve#8 /project/src/convex/debugDiag.ts imp= kind=entry-point
[esbuild] resolve#9 /project/src/convex/feedback.ts imp= kind=entry-point
[esbuild] resolve#10 /project/src/convex/http.ts imp= kind=entry-point
[esbuild] resolve#11 /project/src/convex/settings.ts imp= kind=entry-point
[esbuild] load#1 /project/src/convex/analytics.ts ns=file
[esbuild] load#2 /project/src/convex/auth/emailOtp.ts ns=file
[esbuild] load#3 /project/src/convex/auth.ts ns=file
[esbuild] load#4 /project/src/convex/brandVoices.ts ns=file
[esbuild] load#5 /project/src/convex/calendarEvents.ts ns=file
[esbuild] load#6 /project/src/convex/content.ts ns=file
[esbuild] load#7 /project/src/convex/debugDiag.ts ns=file
[esbuild] load#8 /project/src/convex/feedback.ts ns=file
[esbuild] load#9 /project/src/convex/http.ts ns=file
[esbuild] load#10 /project/src/convex/settings.ts ns=file
[esbuild] load#11 /project/src/convex/users.ts ns=file
[esbuild] resolve#12 convex/values imp=/project/src/convex/analytics.ts kind=import-statement
[esbuild] resolve#13 @convex-dev/auth/providers/Email imp=/project/src/convex/auth/emailOtp.ts kind=import-statement
[esbuild] resolve#14 @convex-dev/auth/server imp=/project/src/convex/auth.ts kind=import-statement
[esbuild] resolve#15 convex/values imp=/project/src/convex/brandVoices.ts kind=import-statement
[esbuild] resolve#16 convex/values imp=/project/src/convex/calendarEvents.ts kind=import-statement
[esbuild] resolve#17 convex/values imp=/project/src/convex/content.ts kind=import-statement
[esbuild] resolve#18 jose imp=/project/src/convex/debugDiag.ts kind=import-statement
[esbuild] resolve#19 convex/values imp=/project/src/convex/feedback.ts kind=import-statement
[esbuild] resolve#20 convex/server imp=/project/src/convex/http.ts kind=import-statement
[esbuild] resolve#21 convex/values imp=/project/src/convex/settings.ts kind=import-statement
[esbuild] resolve#22 @convex-dev/auth/server imp=/project/src/convex/users.ts kind=import-statement
[esbuild] resolve#23 ./_generated/server imp=/project/src/convex/analytics.ts kind=import-statement
[esbuild] resolve#24 axios imp=/project/src/convex/auth/emailOtp.ts kind=import-statement
[esbuild] resolve#25 @convex-dev/auth/providers/Anonymous imp=/project/src/convex/auth.ts kind=import-statement
[esbuild] resolve#26 ./_generated/server imp=/project/src/convex/brandVoices.ts kind=import-statement
[esbuild] resolve#27 ./_generated/server imp=/project/src/convex/calendarEvents.ts kind=import-statement
[esbuild] resolve#28 ./_generated/server imp=/project/src/convex/content.ts kind=import-statement
[esbuild] resolve#29 ./_generated/api imp=/project/src/convex/debugDiag.ts kind=import-statement
[esbuild] resolve#30 ./_generated/server imp=/project/src/convex/feedback.ts kind=import-statement
[esbuild] resolve#31 ./auth imp=/project/src/convex/http.ts kind=import-statement
[esbuild] resolve#32 ./_generated/server imp=/project/src/convex/settings.ts kind=import-statement
[esbuild] resolve#33 ./_generated/server imp=/project/src/convex/users.ts kind=import-statement
[esbuild] load#12 /project/src/convex/_generated/server.js ns=file
[esbuild] load#13 /project/node_modules/convex/dist/esm/values/index.js ns=file
[esbuild] resolve#34 @oslojs/crypto/random imp=/project/src/convex/auth/emailOtp.ts kind=import-statement
[esbuild] resolve#35 ./auth/emailOtp imp=/project/src/convex/auth.ts kind=import-statement
[esbuild] resolve#36 ./_generated/server imp=/project/src/convex/debugDiag.ts kind=import-statement
[esbuild] load#14 /project/node_modules/convex/dist/esm/server/index.js ns=file
[esbuild] load#15 /project/node_modules/@convex-dev/auth/dist/server/index.js ns=file
[esbuild] resolve#37 convex/server imp=/project/src/convex/_generated/server.js kind=import-statement
[esbuild] resolve#38 ./value.js imp=/project/node_modules/convex/dist/esm/values/index.js kind=import-statement
[esbuild] load#16 /project/node_modules/@oslojs/crypto/dist/random/index.js ns=file
[esbuild] load#17 /project/node_modules/@convex-dev/auth/dist/providers/Email.js ns=file
[esbuild] load#18 /project/node_modules/axios/dist/browser/axios.cjs ns=file
[esbuild] load#19 /project/node_modules/@convex-dev/auth/dist/providers/Anonymous.js ns=file
[esbuild] load#20 /project/src/convex/_generated/api.js ns=file
[esbuild] load#21 /project/node_modules/jose/dist/browser/index.js ns=file
[esbuild] resolve#39 ./database.js imp=/project/node_modules/convex/dist/esm/server/index.js kind=import-statement
[esbuild] resolve#40 ./implementation/index.js imp=/project/node_modules/@convex-dev/auth/dist/server/index.js kind=import-statement
[esbuild] load#22 /project/node_modules/@convex-dev/auth/dist/server/implementation/index.js ns=file
[esbuild] load#23 /project/node_modules/@oslojs/binary/dist/index.js ns=file
[esbuild] load#24 /project/node_modules/@convex-dev/auth/dist/providers/ConvexCredentials.js ns=file
[esbuild] load#25 /project/node_modules/convex/dist/esm/values/size.js ns=file
[esbuild] load#26 /project/node_modules/convex/dist/esm/values/value.js ns=file
[esbuild] load#27 /project/node_modules/convex/dist/esm/values/validator.js ns=file
[esbuild] load#28 /project/node_modules/convex/dist/esm/values/base64.js ns=file
[esbuild] load#29 /project/node_modules/convex/dist/esm/values/errors.js ns=file
[esbuild] load#30 /project/node_modules/convex/dist/esm/values/compare.js ns=file
[esbuild] load#31 /project/node_modules/@oslojs/binary/dist/big.js ns=file
[esbuild] load#32 /project/node_modules/@oslojs/binary/dist/uint.js ns=file
[esbuild] load#33 /project/node_modules/@oslojs/binary/dist/bytes.js ns=file
[esbuild] load#34 /project/node_modules/@oslojs/binary/dist/bits.js ns=file
[esbuild] load#35 /project/node_modules/convex/dist/esm/values/validators.js ns=file
[esbuild] load#36 /project/node_modules/convex/dist/esm/common/index.js ns=file
[esbuild] load#37 /project/node_modules/convex/dist/esm/values/compare_utf8.js ns=file
[esbuild] load#38 /project/node_modules/convex/dist/esm/server/schema.js ns=file
[esbuild] load#39 /project/node_modules/convex/dist/esm/server/database.js ns=file
[esbuild] load#40 /project/node_modules/convex/dist/esm/server/impl/registration_impl.js ns=file
[esbuild] still bundling 3.0s resolves=451 loads=179
[esbuild] still bundling 6.0s resolves=810 loads=282
[esbuild] build DONE 6.2s resolves=810 outputs=38 errors=0
[esbuild] build START { entryPoints: [ '/project/src/convex/ai.ts' ], external: 0, platform: 'node', bundle: true, format: 'esm' }
[esbuild] resolve#1 /project/src/convex/ai.ts imp= kind=entry-point
[esbuild] load#1 /project/src/convex/ai.ts ns=file
[esbuild] resolve#2 ./_generated/server imp=/project/src/convex/ai.ts kind=import-statement
[esbuild] resolve#3 convex/values imp=/project/src/convex/ai.ts kind=import-statement
[esbuild] load#2 /project/node_modules/convex/dist/cjs/values/index.js ns=file
[esbuild] load#3 /project/src/convex/_generated/server.js ns=file
[esbuild] resolve#4 ./value.js imp=/project/node_modules/convex/dist/cjs/values/index.js kind=require-call
[esbuild] resolve#5 convex/server imp=/project/src/convex/_generated/server.js kind=import-statement
[esbuild] resolve#6 ./validator.js imp=/project/node_modules/convex/dist/cjs/values/index.js kind=require-call
[esbuild] load#4 /project/node_modules/convex/dist/cjs/server/index.js ns=file
[esbuild] resolve#7 ./base64.js imp=/project/node_modules/convex/dist/cjs/values/index.js kind=require-call
[esbuild] resolve#8 ./database.js imp=/project/node_modules/convex/dist/cjs/server/index.js kind=require-call
[esbuild] resolve#9 ./errors.js imp=/project/node_modules/convex/dist/cjs/values/index.js kind=require-call
[esbuild] resolve#10 ./impl/registration_impl.js imp=/project/node_modules/convex/dist/cjs/server/index.js kind=require-call
[esbuild] resolve#11 ./compare.js imp=/project/node_modules/convex/dist/cjs/values/index.js kind=require-call
[esbuild] resolve#12 ./impl/actions_impl.js imp=/project/node_modules/convex/dist/cjs/server/index.js kind=require-call
[esbuild] resolve#13 ./size.js imp=/project/node_modules/convex/dist/cjs/values/index.js kind=require-call
[esbuild] resolve#14 ./pagination.js imp=/project/node_modules/convex/dist/cjs/server/index.js kind=require-call
[esbuild] load#5 /project/node_modules/convex/dist/cjs/values/size.js ns=file
[esbuild] load#6 /project/node_modules/convex/dist/cjs/values/value.js ns=file
[esbuild] load#7 /project/node_modules/convex/dist/cjs/values/validator.js ns=file
[esbuild] load#8 /project/node_modules/convex/dist/cjs/values/base64.js ns=file
[esbuild] load#9 /project/node_modules/convex/dist/cjs/values/errors.js ns=file
[esbuild] load#10 /project/node_modules/convex/dist/cjs/values/compare.js ns=file
[esbuild] resolve#15 ./search_filter_builder.js imp=/project/node_modules/convex/dist/cjs/server/index.js kind=require-call
[esbuild] resolve#16 ./value.js imp=/project/node_modules/convex/dist/cjs/values/size.js kind=require-call
[esbuild] resolve#17 ./base64.js imp=/project/node_modules/convex/dist/cjs/values/value.js kind=require-call
[esbuild] resolve#18 ./validators.js imp=/project/node_modules/convex/dist/cjs/values/validator.js kind=require-call
[esbuild] resolve#19 ./value.js imp=/project/node_modules/convex/dist/cjs/values/errors.js kind=require-call
[esbuild] resolve#20 ./value.js imp=/project/node_modules/convex/dist/cjs/values/compare.js kind=require-call
[esbuild] resolve#21 ./storage.js imp=/project/node_modules/convex/dist/cjs/server/index.js kind=require-call
[esbuild] resolve#22 ../common/index.js imp=/project/node_modules/convex/dist/cjs/values/size.js kind=require-call
[esbuild] resolve#23 ../common/index.js imp=/project/node_modules/convex/dist/cjs/values/value.js kind=require-call
[esbuild] load#11 /project/node_modules/convex/dist/cjs/values/validators.js ns=file
[esbuild] resolve#24 ./compare_utf8.js imp=/project/node_modules/convex/dist/cjs/values/compare.js kind=require-call
[esbuild] resolve#25 ./cron.js imp=/project/node_modules/convex/dist/cjs/server/index.js kind=require-call
[esbuild] load#12 /project/node_modules/convex/dist/cjs/common/index.js ns=file
[esbuild] resolve#26 ./value.js imp=/project/node_modules/convex/dist/cjs/values/validators.js kind=require-call
[esbuild] load#13 /project/node_modules/convex/dist/cjs/values/compare_utf8.js ns=file
[esbuild] resolve#27 ./router.js imp=/project/node_modules/convex/dist/cjs/server/index.js kind=require-call
[esbuild] resolve#28 ./api.js imp=/project/node_modules/convex/dist/cjs/server/index.js kind=require-call
[esbuild] resolve#29 ./components/index.js imp=/project/node_modules/convex/dist/cjs/server/index.js kind=require-call
[esbuild] resolve#30 ./log.js imp=/project/node_modules/convex/dist/cjs/server/index.js kind=require-call
[esbuild] resolve#31 ./schema.js imp=/project/node_modules/convex/dist/cjs/server/index.js kind=require-call
[esbuild] load#14 /project/node_modules/convex/dist/cjs/server/schema.js ns=file
[esbuild] load#15 /project/node_modules/convex/dist/cjs/server/database.js ns=file
[esbuild] load#16 /project/node_modules/convex/dist/cjs/server/impl/registration_impl.js ns=file
[esbuild] load#17 /project/node_modules/convex/dist/cjs/server/impl/actions_impl.js ns=file
[esbuild] load#18 /project/node_modules/convex/dist/cjs/server/pagination.js ns=file
[esbuild] load#19 /project/node_modules/convex/dist/cjs/server/search_filter_builder.js ns=file
[esbuild] load#20 /project/node_modules/convex/dist/cjs/server/storage.js ns=file
[esbuild] load#21 /project/node_modules/convex/dist/cjs/server/cron.js ns=file
[esbuild] load#22 /project/node_modules/convex/dist/cjs/server/router.js ns=file
[esbuild] load#23 /project/node_modules/convex/dist/cjs/server/api.js ns=file
[esbuild] load#24 /project/node_modules/convex/dist/cjs/server/components/index.js ns=file
[esbuild] load#25 /project/node_modules/convex/dist/cjs/server/log.js ns=file
[esbuild] resolve#32 ../values/validator.js imp=/project/node_modules/convex/dist/cjs/server/schema.js kind=require-call
[esbuild] resolve#33 ../../values/index.js imp=/project/node_modules/convex/dist/cjs/server/impl/registration_impl.js kind=require-call
[esbuild] resolve#34 ../../values/index.js imp=/project/node_modules/convex/dist/cjs/server/impl/actions_impl.js kind=require-call
[esbuild] resolve#35 ../values/validator.js imp=/project/node_modules/convex/dist/cjs/server/pagination.js kind=require-call
[esbuild] resolve#36 ../server/api.js imp=/project/node_modules/convex/dist/cjs/server/cron.js kind=require-call
[esbuild] resolve#37 ./impl/syscall.js imp=/project/node_modules/convex/dist/cjs/server/router.js kind=require-call
[esbuild] resolve#38 ./functionName.js imp=/project/node_modules/convex/dist/cjs/server/api.js kind=require-call
[esbuild] resolve#39 ../../index.js imp=/project/node_modules/convex/dist/cjs/server/components/index.js kind=require-call
[esbuild] resolve#40 ./audit_logging.js imp=/project/node_modules/convex/dist/cjs/server/log.js kind=require-call
[esbuild] load#26 /project/node_modules/convex/dist/cjs/server/impl/syscall.js ns=file
[esbuild] load#27 /project/node_modules/convex/dist/cjs/server/components/paths.js ns=file
[esbuild] load#28 /project/node_modules/convex/dist/cjs/server/functionName.js ns=file
[esbuild] load#29 /project/node_modules/convex/dist/cjs/server/logVars.js ns=file
[esbuild] load#30 /project/node_modules/convex/dist/cjs/server/audit_logging.js ns=file
[esbuild] load#31 /project/node_modules/convex/dist/cjs/index.js ns=file
[esbuild] load#32 /project/node_modules/convex/dist/cjs/server/impl/validate.js ns=file
[esbuild] load#33 /project/node_modules/convex/dist/cjs/server/impl/meta_impl.js ns=file
[esbuild] load#34 /project/node_modules/convex/dist/cjs/server/impl/vector_search_impl.js ns=file
[esbuild] load#35 /project/node_modules/convex/dist/cjs/server/impl/authentication_impl.js ns=file
[esbuild] load#36 /project/node_modules/convex/dist/cjs/server/impl/database_impl.js ns=file
[esbuild] load#37 /project/node_modules/convex/dist/cjs/server/impl/query_impl.js ns=file
[esbuild] load#38 /project/node_modules/convex/dist/cjs/server/impl/scheduler_impl.js ns=file
[esbuild] load#39 /project/node_modules/convex/dist/cjs/server/impl/storage_impl.js ns=file
[esbuild] load#40 /project/node_modules/convex/dist/cjs/server/vector_search.js ns=file
[esbuild] build DONE 1.4s resolves=108 outputs=2 errors=0
[esbuild] build START { entryPoints: [ '/project/src/convex/auth.config.ts' ], external: 0, platform: 'browser', bundle: true, format: 'esm' }
[esbuild] resolve#1 /project/src/convex/auth.config.ts imp= kind=entry-point
[esbuild] load#1 /project/src/convex/auth.config.ts ns=file
[esbuild] build DONE 0.0s resolves=1 outputs=2 errors=0
EXIT=0
